Microsoft Windows [Version 10.0.17134.829]
(c) 2018 Microsoft Corporation. All rights reserved.

C:\Users\ME Thekwane\Desktop\INF\Homework7Submit>git init
Reinitialized existing Git repository in C:/Users/ME Thekwane/Desktop/INF/Homework7Submit/.git/

C:\Users\ME Thekwane\Desktop\INF\Homework7Submit>git status
On branch master

No commits yet

nothing to commit (create/copy files and use "git add" to track)

C:\Users\ME Thekwane\Desktop\INF\Homework7Submit>git commit -m "first commit"

*** Please tell me who you are.

Run

  git config --global user.email "you@example.com"
  git config --global user.name "Your Name"

to set your account's default identity.
Omit --global to set the identity only in this repository.

fatal: unable to auto-detect email address (got 'ME Thekwane@LAPTOP-EDTOQCUG.(none)')

C:\Users\ME Thekwane\Desktop\INF\Homework7Submit>git remote add origin https://github.com/Exo/Homework7.git

C:\Users\ME Thekwane\Desktop\INF\Homework7Submit>git remote add origin https://github.com/Excellent300/Homework7.git
fatal: remote origin already exists.

C:\Users\ME Thekwane\Desktop\INF\Homework7Submit>git commit -m "first commit"

*** Please tell me who you are.

Run

  git config --global user.email "you@example.com"
  git config --global user.name "Your Name"

to set your account's default identity.
Omit --global to set the identity only in this repository.

fatal: unable to auto-detect email address (got 'ME Thekwane@LAPTOP-EDTOQCUG.(none)')

C:\Users\ME Thekwane\Desktop\INF\Homework7Submit>+665555555555555555555555555555555555555555555555555555555555555555555555555555555555555555555555555555555555555555555555555555555555555555555555555555555555555555555555555555555555555555555555555555555555555555555555555555555555555555555555555555555555555555555555555555555555555555555555555555555555555588888888888888888888888888888888888888888888888888888888888888888888888888888888888888888888888888888888888888888888888888888888888888888888888888888888888888888888888888888888888888888888888888888888777777777777777777777777777777777777777777777777777777777777777777777777777777777777777777777777777777777777777777777777777777777777777777777777777777777777777777777777777777777777777777777777777777777777777777777777777777777777777777777777777777777777777777777777777777777777777777777777777788888888888888888888444444455555555555555555555555555555555555555555555555555555555555555555555555555555555555555555555555555555555555555555555555555554444444444444444444444444444444444444444444444444444444444444444444444444444444444444444444444444444444444444444444444444444444444444444444444444444444444444444444444444444444444444444444444444444444444444444444444444444444444444444444444444444444444444444444444444444444444444444444444444444444444444444444444444444444444444444444444444444444444444444444
'+665555555555555555555555555555555555555555555555555555555555555555555555555555555555555555555555555555555555555555555555555555555555555555555555555555555555555555555555555555555555555555555555555555555555555555555555555555555555555555555555555555555555555555555555555555555555555555555555555555555555555588888888888888888888888888888888888888888888888888888888888888888888888888888888888888888888888888888888888888888888888888888888888888888888888888888888888888888888888888888888888888888888888888888888777777777777777777777777777777777777777777777777777777777777777777777777777777777777777777777777777777777777777777777777777777777777777777777777777777777777777777777777777777777777777777777777777777777777777777777777777777777777777777777777777777777777777777777777777777777777777777777777777788888888888888888888444444455555555555555555555555555555555555555555555555555555555555555555555555555555555555555555555555555555555555555555555555555554444444444444444444444444444444444444444444444444444444444444444444444444444444444444444444444444444444444444444444444444444444444444444444444444444444444444444444444444444444444444444444444444444444444444444444444444444444444444444444444444444444444444444444444444444444444444444444444444444444444444444444444444444444444444444444444444444444444444444444' is not recognized as an internal or external command,
operable program or batch file.

C:\Users\ME Thekwane\Desktop\INF\Homework7Submit>git commit -m "first commit"

*** Please tell me who you are.

Run

  git config --global user.email "you@example.com"
  git config --global user.name "Your Name"

to set your account's default identity.
Omit --global to set the identity only in this repository.

fatal: unable to auto-detect email address (got 'ME Thekwane@LAPTOP-EDTOQCUG.(none)')

C:\Users\ME Thekwane\Desktop\INF\Homework7Submit>git remote add origin https://github.com/Excellent300/Homework7.gitgit commit -m "first commit"
usage: git remote add [<options>] <name> <url>

    -f, --fetch           fetch the remote branches
    --tags                import all tags and associated objects when fetching
                          or do not fetch any tag at all (--no-tags)
    -t, --track <branch>  branch(es) to track
    -m, --master <branch>
                          master branch
    --mirror[=<push|fetch>]
                          set up remote as a mirror to push to or fetch from


C:\Users\ME Thekwane\Desktop\INF\Homework7Submit>git commit -m "first commit"

*** Please tell me who you are.

Run

  git config --global user.email "you@example.com"
  git config --global user.name "Your Name"

to set your account's default identity.
Omit --global to set the identity only in this repository.

fatal: unable to auto-detect email address (got 'ME Thekwane@LAPTOP-EDTOQCUG.(none)')

C:\Users\ME Thekwane\Desktop\INF\Homework7Submit>git config --global user.email "excellentthekwane@gmail.com"

C:\Users\ME Thekwane\Desktop\INF\Homework7Submit>git config --global user.name "Excellent"

C:\Users\ME Thekwane\Desktop\INF\Homework7Submit>git remote add origin https://github.com/Excellent300/Homework7.git
fatal: remote origin already exists.

C:\Users\ME Thekwane\Desktop\INF\Homework7Submit>git commit -m "first commit"
On branch master

Initial commit

Untracked files:
        Homework7.1/

nothing added to commit but untracked files present

C:\Users\ME Thekwane\Desktop\INF\Homework7Submit>git status
On branch master

No commits yet

Untracked files:
  (use "git add <file>..." to include in what will be committed)

        Homework7.1/

nothing added to commit but untracked files present (use "git add" to track)

C:\Users\ME Thekwane\Desktop\INF\Homework7Submit>git push -u origin master
error: src refspec master does not match any.
error: failed to push some refs to 'https://github.com/Exo/Homework7.git'

C:\Users\ME Thekwane\Desktop\INF\Homework7Submit>git status
On branch master

No commits yet

Untracked files:
  (use "git add <file>..." to include in what will be committed)

        Homework7.1/

nothing added to commit but untracked files present (use "git add" to track)

C:\Users\ME Thekwane\Desktop\INF\Homework7Submit>git add
Nothing specified, nothing added.
Maybe you wanted to say 'git add .'?

C:\Users\ME Thekwane\Desktop\INF\Homework7Submit>git add .
warning: LF will be replaced by CRLF in Homework7.1/Homework7.1/Content/bootstrap.css.
The file will have its original line endings in your working directory.
warning: LF will be replaced by CRLF in Homework7.1/Homework7.1/Content/bootstrap.min.css.
The file will have its original line endings in your working directory.
warning: LF will be replaced by CRLF in Homework7.1/Homework7.1/Scripts/bootstrap.js.
The file will have its original line endings in your working directory.
warning: LF will be replaced by CRLF in Homework7.1/Homework7.1/Scripts/bootstrap.min.js.
The file will have its original line endings in your working directory.
warning: LF will be replaced by CRLF in Homework7.1/Homework7.1/Scripts/jquery-1.10.2.js.
The file will have its original line endings in your working directory.
warning: LF will be replaced by CRLF in Homework7.1/Homework7.1/Scripts/jquery-1.10.2.min.js.
The file will have its original line endings in your working directory.
warning: LF will be replaced by CRLF in Homework7.1/Homework7.1/Scripts/jquery.validate.js.
The file will have its original line endings in your working directory.
warning: LF will be replaced by CRLF in Homework7.1/Homework7.1/Scripts/jquery.validate.min.js.
The file will have its original line endings in your working directory.
warning: LF will be replaced by CRLF in Homework7.1/Homework7.1/Scripts/jquery.validate.unobtrusive.min.js.
The file will have its original line endings in your working directory.
warning: LF will be replaced by CRLF in Homework7.1/Homework7.1/Scripts/modernizr-2.6.2.js.
The file will have its original line endings in your working directory.
warning: LF will be replaced by CRLF in Homework7.1/Homework7.1/Scripts/respond.js.
The file will have its original line endings in your working directory.
warning: LF will be replaced by CRLF in Homework7.1/Homework7.1/Scripts/respond.min.js.
The file will have its original line endings in your working directory.
warning: LF will be replaced by CRLF in Homework7.1/Homework7.1/fonts/glyphicons-halflings-regular.svg.
The file will have its original line endings in your working directory.
warning: LF will be replaced by CRLF in Homework7.1/packages/Microsoft.jQuery.Unobtrusive.Validation.3.2.3/Content/Scripts/jquery.validate.unobtrusive.min.js.
The file will have its original line endings in your working directory.
warning: LF will be replaced by CRLF in Homework7.1/packages/Modernizr.2.6.2/Content/Scripts/modernizr-2.6.2.js.
The file will have its original line endings in your working directory.
warning: LF will be replaced by CRLF in Homework7.1/packages/Respond.1.2.0/content/Scripts/respond.js.
The file will have its original line endings in your working directory.
warning: LF will be replaced by CRLF in Homework7.1/packages/Respond.1.2.0/content/Scripts/respond.min.js.
The file will have its original line endings in your working directory.
warning: LF will be replaced by CRLF in Homework7.1/packages/bootstrap.3.0.0/content/Content/bootstrap.css.
The file will have its original line endings in your working directory.
warning: LF will be replaced by CRLF in Homework7.1/packages/bootstrap.3.0.0/content/Content/bootstrap.min.css.
The file will have its original line endings in your working directory.
warning: LF will be replaced by CRLF in Homework7.1/packages/bootstrap.3.0.0/content/Scripts/bootstrap.js.
The file will have its original line endings in your working directory.
warning: LF will be replaced by CRLF in Homework7.1/packages/bootstrap.3.0.0/content/Scripts/bootstrap.min.js.
The file will have its original line endings in your working directory.
warning: LF will be replaced by CRLF in Homework7.1/packages/bootstrap.3.0.0/content/fonts/glyphicons-halflings-regular.svg.
The file will have its original line endings in your working directory.
warning: LF will be replaced by CRLF in Homework7.1/packages/jQuery.1.10.2/Content/Scripts/jquery-1.10.2.js.
The file will have its original line endings in your working directory.
warning: LF will be replaced by CRLF in Homework7.1/packages/jQuery.1.10.2/Content/Scripts/jquery-1.10.2.min.js.
The file will have its original line endings in your working directory.
warning: LF will be replaced by CRLF in Homework7.1/packages/jQuery.Validation.1.11.1/Content/Scripts/jquery.validate.js.
The file will have its original line endings in your working directory.
warning: LF will be replaced by CRLF in Homework7.1/packages/jQuery.Validation.1.11.1/Content/Scripts/jquery.validate.min.js.
The file will have its original line endings in your working directory.

C:\Users\ME Thekwane\Desktop\INF\Homework7Submit>git status
On branch master

No commits yet

Changes to be committed:
  (use "git rm --cached <file>..." to unstage)

        new file:   Homework7.1/.vs/Homework7.1/v14/.suo
        new file:   Homework7.1/.vs/config/applicationhost.config
        new file:   Homework7.1/Homework7.1.sln
        new file:   Homework7.1/Homework7.1/App_Start/BundleConfig.cs
        new file:   Homework7.1/Homework7.1/App_Start/FilterConfig.cs
        new file:   Homework7.1/Homework7.1/App_Start/IdentityConfig.cs
        new file:   Homework7.1/Homework7.1/App_Start/RouteConfig.cs
        new file:   Homework7.1/Homework7.1/App_Start/Startup.Auth.cs
        new file:   Homework7.1/Homework7.1/Content/Site.css
        new file:   Homework7.1/Homework7.1/Content/StyleSheet1.css
        new file:   Homework7.1/Homework7.1/Content/bootstrap.css
        new file:   Homework7.1/Homework7.1/Content/bootstrap.min.css
        new file:   Homework7.1/Homework7.1/Controllers/ManageController.cs
        new file:   Homework7.1/Homework7.1/Controllers/ShopController.cs
        new file:   Homework7.1/Homework7.1/Global.asax
        new file:   Homework7.1/Homework7.1/Global.asax.cs
        new file:   Homework7.1/Homework7.1/Homework7.1.csproj
        new file:   Homework7.1/Homework7.1/Homework7.1.csproj.user
        new file:   Homework7.1/Homework7.1/Models/AccountViewModels.cs
        new file:   Homework7.1/Homework7.1/Models/IdentityModels.cs
        new file:   Homework7.1/Homework7.1/Models/ManageViewModels.cs
        new file:   Homework7.1/Homework7.1/Project_Readme.html
        new file:   Homework7.1/Homework7.1/Properties/AssemblyInfo.cs
        new file:   Homework7.1/Homework7.1/Scripts/_references.js
        new file:   Homework7.1/Homework7.1/Scripts/bootstrap.js
        new file:   Homework7.1/Homework7.1/Scripts/bootstrap.min.js
        new file:   Homework7.1/Homework7.1/Scripts/jquery-1.10.2.intellisense.js
        new file:   Homework7.1/Homework7.1/Scripts/jquery-1.10.2.js
        new file:   Homework7.1/Homework7.1/Scripts/jquery-1.10.2.min.js
        new file:   Homework7.1/Homework7.1/Scripts/jquery-1.10.2.min.map
        new file:   Homework7.1/Homework7.1/Scripts/jquery.validate-vsdoc.js
        new file:   Homework7.1/Homework7.1/Scripts/jquery.validate.js
        new file:   Homework7.1/Homework7.1/Scripts/jquery.validate.min.js
        new file:   Homework7.1/Homework7.1/Scripts/jquery.validate.unobtrusive.js
        new file:   Homework7.1/Homework7.1/Scripts/jquery.validate.unobtrusive.min.js
        new file:   Homework7.1/Homework7.1/Scripts/modernizr-2.6.2.js
        new file:   Homework7.1/Homework7.1/Scripts/respond.js
        new file:   Homework7.1/Homework7.1/Scripts/respond.min.js
        new file:   Homework7.1/Homework7.1/ShopItem.Context.cs
        new file:   Homework7.1/Homework7.1/ShopItem.Context.tt
        new file:   Homework7.1/Homework7.1/ShopItem.Designer.cs
        new file:   Homework7.1/Homework7.1/ShopItem.cs
        new file:   Homework7.1/Homework7.1/ShopItem.edmx
        new file:   Homework7.1/Homework7.1/ShopItem.edmx.diagram
        new file:   Homework7.1/Homework7.1/ShopItem.tt
        new file:   Homework7.1/Homework7.1/ShopItem1.cs
        new file:   Homework7.1/Homework7.1/Startup.cs
        new file:   Homework7.1/Homework7.1/ViewModels/ShopItemModel.cs
        new file:   Homework7.1/Homework7.1/Views/Shared/Error.cshtml
        new file:   Homework7.1/Homework7.1/Views/Shared/Lockout.cshtml
        new file:   Homework7.1/Homework7.1/Views/Shared/_Layout.cshtml
        new file:   Homework7.1/Homework7.1/Views/Shared/_LoginPartial.cshtml
        new file:   Homework7.1/Homework7.1/Views/Shop/AddItem.cshtml
        new file:   Homework7.1/Homework7.1/Views/Shop/Index.cshtml
        new file:   Homework7.1/Homework7.1/Views/Shop/Part2.cshtml
        new file:   Homework7.1/Homework7.1/Views/Shop/Part_2.cshtml
        new file:   Homework7.1/Homework7.1/Views/Shop/SortByName.cshtml
        new file:   Homework7.1/Homework7.1/Views/Web.config
        new file:   Homework7.1/Homework7.1/Views/_ViewStart.cshtml
        new file:   Homework7.1/Homework7.1/Web.Debug.config
        new file:   Homework7.1/Homework7.1/Web.Release.config
        new file:   Homework7.1/Homework7.1/Web.config
        new file:   Homework7.1/Homework7.1/bin/Antlr3.Runtime.dll
        new file:   Homework7.1/Homework7.1/bin/Antlr3.Runtime.pdb
        new file:   Homework7.1/Homework7.1/bin/EntityFramework.SqlServer.dll
        new file:   Homework7.1/Homework7.1/bin/EntityFramework.SqlServer.xml
        new file:   Homework7.1/Homework7.1/bin/EntityFramework.dll
        new file:   Homework7.1/Homework7.1/bin/EntityFramework.xml
        new file:   Homework7.1/Homework7.1/bin/Homework7.1.dll
        new file:   Homework7.1/Homework7.1/bin/Homework7.1.dll.config
        new file:   Homework7.1/Homework7.1/bin/Homework7.1.pdb
        new file:   Homework7.1/Homework7.1/bin/Microsoft.AspNet.Identity.Core.dll
        new file:   Homework7.1/Homework7.1/bin/Microsoft.AspNet.Identity.Core.xml
        new file:   Homework7.1/Homework7.1/bin/Microsoft.AspNet.Identity.EntityFramework.dll
        new file:   Homework7.1/Homework7.1/bin/Microsoft.AspNet.Identity.EntityFramework.xml
        new file:   Homework7.1/Homework7.1/bin/Microsoft.AspNet.Identity.Owin.dll
        new file:   Homework7.1/Homework7.1/bin/Microsoft.AspNet.Identity.Owin.xml
        new file:   Homework7.1/Homework7.1/bin/Microsoft.CodeDom.Providers.DotNetCompilerPlatform.dll
        new file:   Homework7.1/Homework7.1/bin/Microsoft.CodeDom.Providers.DotNetCompilerPlatform.xml
        new file:   Homework7.1/Homework7.1/bin/Microsoft.Owin.Host.SystemWeb.dll
        new file:   Homework7.1/Homework7.1/bin/Microsoft.Owin.Host.SystemWeb.xml
        new file:   Homework7.1/Homework7.1/bin/Microsoft.Owin.Security.Cookies.dll
        new file:   Homework7.1/Homework7.1/bin/Microsoft.Owin.Security.Cookies.xml
        new file:   Homework7.1/Homework7.1/bin/Microsoft.Owin.Security.Facebook.dll
        new file:   Homework7.1/Homework7.1/bin/Microsoft.Owin.Security.Facebook.xml
        new file:   Homework7.1/Homework7.1/bin/Microsoft.Owin.Security.Google.dll
        new file:   Homework7.1/Homework7.1/bin/Microsoft.Owin.Security.Google.xml
        new file:   Homework7.1/Homework7.1/bin/Microsoft.Owin.Security.MicrosoftAccount.dll
        new file:   Homework7.1/Homework7.1/bin/Microsoft.Owin.Security.MicrosoftAccount.xml
        new file:   Homework7.1/Homework7.1/bin/Microsoft.Owin.Security.OAuth.dll
        new file:   Homework7.1/Homework7.1/bin/Microsoft.Owin.Security.OAuth.xml
        new file:   Homework7.1/Homework7.1/bin/Microsoft.Owin.Security.Twitter.dll
        new file:   Homework7.1/Homework7.1/bin/Microsoft.Owin.Security.Twitter.xml
        new file:   Homework7.1/Homework7.1/bin/Microsoft.Owin.Security.dll
        new file:   Homework7.1/Homework7.1/bin/Microsoft.Owin.Security.xml
        new file:   Homework7.1/Homework7.1/bin/Microsoft.Owin.dll
        new file:   Homework7.1/Homework7.1/bin/Microsoft.Owin.xml
        new file:   Homework7.1/Homework7.1/bin/Microsoft.Web.Infrastructure.dll
        new file:   Homework7.1/Homework7.1/bin/Newtonsoft.Json.dll
        new file:   Homework7.1/Homework7.1/bin/Newtonsoft.Json.xml
        new file:   Homework7.1/Homework7.1/bin/Owin.dll
        new file:   Homework7.1/Homework7.1/bin/System.Web.Helpers.dll
        new file:   Homework7.1/Homework7.1/bin/System.Web.Helpers.xml
        new file:   Homework7.1/Homework7.1/bin/System.Web.Mvc.dll
        new file:   Homework7.1/Homework7.1/bin/System.Web.Mvc.xml
        new file:   Homework7.1/Homework7.1/bin/System.Web.Optimization.dll
        new file:   Homework7.1/Homework7.1/bin/System.Web.Optimization.xml
        new file:   Homework7.1/Homework7.1/bin/System.Web.Razor.dll
        new file:   Homework7.1/Homework7.1/bin/System.Web.Razor.xml
        new file:   Homework7.1/Homework7.1/bin/System.Web.WebPages.Deployment.dll
        new file:   Homework7.1/Homework7.1/bin/System.Web.WebPages.Deployment.xml
        new file:   Homework7.1/Homework7.1/bin/System.Web.WebPages.Razor.dll
        new file:   Homework7.1/Homework7.1/bin/System.Web.WebPages.Razor.xml
        new file:   Homework7.1/Homework7.1/bin/System.Web.WebPages.dll
        new file:   Homework7.1/Homework7.1/bin/System.Web.WebPages.xml
        new file:   Homework7.1/Homework7.1/bin/WebGrease.dll
        new file:   Homework7.1/Homework7.1/bin/roslyn/Microsoft.Build.Tasks.CodeAnalysis.dll
        new file:   Homework7.1/Homework7.1/bin/roslyn/Microsoft.CSharp.Core.targets
        new file:   Homework7.1/Homework7.1/bin/roslyn/Microsoft.CodeAnalysis.CSharp.dll
        new file:   Homework7.1/Homework7.1/bin/roslyn/Microsoft.CodeAnalysis.VisualBasic.dll
        new file:   Homework7.1/Homework7.1/bin/roslyn/Microsoft.CodeAnalysis.dll
        new file:   Homework7.1/Homework7.1/bin/roslyn/Microsoft.VisualBasic.Core.targets
        new file:   Homework7.1/Homework7.1/bin/roslyn/System.Collections.Immutable.dll
        new file:   Homework7.1/Homework7.1/bin/roslyn/System.Reflection.Metadata.dll
        new file:   Homework7.1/Homework7.1/bin/roslyn/VBCSCompiler.exe
        new file:   Homework7.1/Homework7.1/bin/roslyn/VBCSCompiler.exe.config
        new file:   Homework7.1/Homework7.1/bin/roslyn/csc.exe
        new file:   Homework7.1/Homework7.1/bin/roslyn/vbc.exe
        new file:   Homework7.1/Homework7.1/favicon.ico
        new file:   Homework7.1/Homework7.1/fonts/glyphicons-halflings-regular.eot
        new file:   Homework7.1/Homework7.1/fonts/glyphicons-halflings-regular.svg
        new file:   Homework7.1/Homework7.1/fonts/glyphicons-halflings-regular.ttf
        new file:   Homework7.1/Homework7.1/fonts/glyphicons-halflings-regular.woff
        new file:   Homework7.1/Homework7.1/obj/Debug/DesignTimeResolveAssemblyReferencesInput.cache
        new file:   Homework7.1/Homework7.1/obj/Debug/Homework7.1.csproj.FileListAbsolute.txt
        new file:   Homework7.1/Homework7.1/obj/Debug/Homework7.1.csprojResolveAssemblyReference.cache
        new file:   Homework7.1/Homework7.1/obj/Debug/Homework7.1.dll
        new file:   Homework7.1/Homework7.1/obj/Debug/Homework7.1.pdb
        new file:   Homework7.1/Homework7.1/obj/Debug/TempPE/ShopItem.Designer.cs.dll
        new file:   Homework7.1/Homework7.1/obj/Debug/TempPE/ShopItem1.Context.cs.dll
        new file:   Homework7.1/Homework7.1/obj/Debug/TempPE/ShopItem1.Designer.cs.dll
        new file:   Homework7.1/Homework7.1/obj/Debug/TempPE/ShopItem1.cs.dll
        new file:   Homework7.1/Homework7.1/obj/Debug/TemporaryGeneratedFile_036C0B5B-1481-4323-8D20-8F5ADCB23D92.cs
        new file:   Homework7.1/Homework7.1/obj/Debug/TemporaryGeneratedFile_5937a670-0e60-4077-877b-f7221da3dda1.cs
        new file:   Homework7.1/Homework7.1/obj/Debug/TemporaryGeneratedFile_E7A71F73-0F8D-4B9B-B56E-8E70B10BC5D3.cs
        new file:   Homework7.1/Homework7.1/obj/Debug/edmxResourcesToEmbed/ShopItem.csdl
        new file:   Homework7.1/Homework7.1/obj/Debug/edmxResourcesToEmbed/ShopItem.msl
        new file:   Homework7.1/Homework7.1/obj/Debug/edmxResourcesToEmbed/ShopItem.ssdl
        new file:   Homework7.1/Homework7.1/packages.config
        new file:   Homework7.1/packages/Antlr.3.4.1.9004/Antlr.3.4.1.9004.nupkg
        new file:   Homework7.1/packages/Antlr.3.4.1.9004/lib/Antlr3.Runtime.dll
        new file:   Homework7.1/packages/Antlr.3.4.1.9004/lib/Antlr3.Runtime.pdb
        new file:   Homework7.1/packages/EntityFramework.6.1.3/EntityFramework.6.1.3.nupkg
        new file:   Homework7.1/packages/EntityFramework.6.1.3/content/App.config.transform
        new file:   Homework7.1/packages/EntityFramework.6.1.3/content/Web.config.transform
        new file:   Homework7.1/packages/EntityFramework.6.1.3/lib/net40/EntityFramework.SqlServer.dll
        new file:   Homework7.1/packages/EntityFramework.6.1.3/lib/net40/EntityFramework.SqlServer.xml
        new file:   Homework7.1/packages/EntityFramework.6.1.3/lib/net40/EntityFramework.dll
        new file:   Homework7.1/packages/EntityFramework.6.1.3/lib/net40/EntityFramework.xml
        new file:   Homework7.1/packages/EntityFramework.6.1.3/lib/net45/EntityFramework.SqlServer.dll
        new file:   Homework7.1/packages/EntityFramework.6.1.3/lib/net45/EntityFramework.SqlServer.xml
        new file:   Homework7.1/packages/EntityFramework.6.1.3/lib/net45/EntityFramework.dll
        new file:   Homework7.1/packages/EntityFramework.6.1.3/lib/net45/EntityFramework.xml
        new file:   Homework7.1/packages/EntityFramework.6.1.3/tools/EntityFramework.PowerShell.Utility.dll
        new file:   Homework7.1/packages/EntityFramework.6.1.3/tools/EntityFramework.PowerShell.dll
        new file:   Homework7.1/packages/EntityFramework.6.1.3/tools/EntityFramework.psd1
        new file:   Homework7.1/packages/EntityFramework.6.1.3/tools/EntityFramework.psm1
        new file:   Homework7.1/packages/EntityFramework.6.1.3/tools/about_EntityFramework.help.txt
        new file:   Homework7.1/packages/EntityFramework.6.1.3/tools/init.ps1
        new file:   Homework7.1/packages/EntityFramework.6.1.3/tools/install.ps1
        new file:   Homework7.1/packages/EntityFramework.6.1.3/tools/migrate.exe
        new file:   Homework7.1/packages/Microsoft.AspNet.Identity.Core.2.2.1/Microsoft.AspNet.Identity.Core.2.2.1.nupkg
        new file:   Homework7.1/packages/Microsoft.AspNet.Identity.Core.2.2.1/lib/net45/Microsoft.AspNet.Identity.Core.dll
        new file:   Homework7.1/packages/Microsoft.AspNet.Identity.Core.2.2.1/lib/net45/Microsoft.AspNet.Identity.Core.xml
        new file:   Homework7.1/packages/Microsoft.AspNet.Identity.EntityFramework.2.2.1/Microsoft.AspNet.Identity.EntityFramework.2.2.1.nupkg
        new file:   Homework7.1/packages/Microsoft.AspNet.Identity.EntityFramework.2.2.1/lib/net45/Microsoft.AspNet.Identity.EntityFramework.dll
        new file:   Homework7.1/packages/Microsoft.AspNet.Identity.EntityFramework.2.2.1/lib/net45/Microsoft.AspNet.Identity.EntityFramework.xml
        new file:   Homework7.1/packages/Microsoft.AspNet.Identity.Owin.2.2.1/Microsoft.AspNet.Identity.Owin.2.2.1.nupkg
        new file:   Homework7.1/packages/Microsoft.AspNet.Identity.Owin.2.2.1/lib/net45/Microsoft.AspNet.Identity.Owin.dll
        new file:   Homework7.1/packages/Microsoft.AspNet.Identity.Owin.2.2.1/lib/net45/Microsoft.AspNet.Identity.Owin.xml
        new file:   Homework7.1/packages/Microsoft.AspNet.Mvc.5.2.3/Content/Web.config.install.xdt
        new file:   Homework7.1/packages/Microsoft.AspNet.Mvc.5.2.3/Content/Web.config.uninstall.xdt
        new file:   Homework7.1/packages/Microsoft.AspNet.Mvc.5.2.3/Microsoft.AspNet.Mvc.5.2.3.nupkg
        new file:   Homework7.1/packages/Microsoft.AspNet.Mvc.5.2.3/lib/net45/System.Web.Mvc.dll
        new file:   Homework7.1/packages/Microsoft.AspNet.Mvc.5.2.3/lib/net45/System.Web.Mvc.xml
        new file:   Homework7.1/packages/Microsoft.AspNet.Razor.3.2.3/Microsoft.AspNet.Razor.3.2.3.nupkg
        new file:   Homework7.1/packages/Microsoft.AspNet.Razor.3.2.3/lib/net45/System.Web.Razor.dll
        new file:   Homework7.1/packages/Microsoft.AspNet.Razor.3.2.3/lib/net45/System.Web.Razor.xml
        new file:   Homework7.1/packages/Microsoft.AspNet.Web.Optimization.1.1.3/Microsoft.AspNet.Web.Optimization.1.1.3.nupkg
        new file:   Homework7.1/packages/Microsoft.AspNet.Web.Optimization.1.1.3/lib/net40/System.Web.Optimization.dll
        new file:   Homework7.1/packages/Microsoft.AspNet.Web.Optimization.1.1.3/lib/net40/system.web.optimization.xml
        new file:   Homework7.1/packages/Microsoft.AspNet.WebPages.3.2.3/Content/Web.config.install.xdt
        new file:   Homework7.1/packages/Microsoft.AspNet.WebPages.3.2.3/Content/Web.config.uninstall.xdt
        new file:   Homework7.1/packages/Microsoft.AspNet.WebPages.3.2.3/Microsoft.AspNet.WebPages.3.2.3.nupkg
        new file:   Homework7.1/packages/Microsoft.AspNet.WebPages.3.2.3/lib/net45/System.Web.Helpers.dll
        new file:   Homework7.1/packages/Microsoft.AspNet.WebPages.3.2.3/lib/net45/System.Web.Helpers.xml
        new file:   Homework7.1/packages/Microsoft.AspNet.WebPages.3.2.3/lib/net45/System.Web.WebPages.Deployment.dll
        new file:   Homework7.1/packages/Microsoft.AspNet.WebPages.3.2.3/lib/net45/System.Web.WebPages.Deployment.xml
        new file:   Homework7.1/packages/Microsoft.AspNet.WebPages.3.2.3/lib/net45/System.Web.WebPages.Razor.dll
        new file:   Homework7.1/packages/Microsoft.AspNet.WebPages.3.2.3/lib/net45/System.Web.WebPages.Razor.xml
        new file:   Homework7.1/packages/Microsoft.AspNet.WebPages.3.2.3/lib/net45/System.Web.WebPages.dll
        new file:   Homework7.1/packages/Microsoft.AspNet.WebPages.3.2.3/lib/net45/System.Web.WebPages.xml
        new file:   Homework7.1/packages/Microsoft.CodeDom.Providers.DotNetCompilerPlatform.1.0.0/Microsoft.CodeDom.Providers.DotNetCompilerPlatform.1.0.0.nupkg
        new file:   Homework7.1/packages/Microsoft.CodeDom.Providers.DotNetCompilerPlatform.1.0.0/build/Microsoft.CodeDom.Providers.DotNetCompilerPlatform.props
        new file:   Homework7.1/packages/Microsoft.CodeDom.Providers.DotNetCompilerPlatform.1.0.0/content/web.config.install.xdt
        new file:   Homework7.1/packages/Microsoft.CodeDom.Providers.DotNetCompilerPlatform.1.0.0/content/web.config.uninstall.xdt
        new file:   Homework7.1/packages/Microsoft.CodeDom.Providers.DotNetCompilerPlatform.1.0.0/lib/net45/Microsoft.CodeDom.Providers.DotNetCompilerPlatform.dll
        new file:   Homework7.1/packages/Microsoft.CodeDom.Providers.DotNetCompilerPlatform.1.0.0/lib/net45/Microsoft.CodeDom.Providers.DotNetCompilerPlatform.xml
        new file:   Homework7.1/packages/Microsoft.CodeDom.Providers.DotNetCompilerPlatform.1.0.0/tools/init.ps1
        new file:   Homework7.1/packages/Microsoft.CodeDom.Providers.DotNetCompilerPlatform.1.0.0/tools/uninstall.ps1
        new file:   Homework7.1/packages/Microsoft.Net.Compilers.1.0.0/Microsoft.Net.Compilers.1.0.0.nupkg
        new file:   Homework7.1/packages/Microsoft.Net.Compilers.1.0.0/ThirdPartyNotices.rtf
        new file:   Homework7.1/packages/Microsoft.Net.Compilers.1.0.0/build/Microsoft.Net.Compilers.props
        new file:   Homework7.1/packages/Microsoft.Net.Compilers.1.0.0/tools/Microsoft.Build.Tasks.CodeAnalysis.dll
        new file:   Homework7.1/packages/Microsoft.Net.Compilers.1.0.0/tools/Microsoft.CSharp.Core.targets
        new file:   Homework7.1/packages/Microsoft.Net.Compilers.1.0.0/tools/Microsoft.CodeAnalysis.CSharp.dll
        new file:   Homework7.1/packages/Microsoft.Net.Compilers.1.0.0/tools/Microsoft.CodeAnalysis.VisualBasic.dll
        new file:   Homework7.1/packages/Microsoft.Net.Compilers.1.0.0/tools/Microsoft.CodeAnalysis.dll
        new file:   Homework7.1/packages/Microsoft.Net.Compilers.1.0.0/tools/Microsoft.VisualBasic.Core.targets
        new file:   Homework7.1/packages/Microsoft.Net.Compilers.1.0.0/tools/System.Collections.Immutable.dll
        new file:   Homework7.1/packages/Microsoft.Net.Compilers.1.0.0/tools/System.Reflection.Metadata.dll
        new file:   Homework7.1/packages/Microsoft.Net.Compilers.1.0.0/tools/VBCSCompiler.exe
        new file:   Homework7.1/packages/Microsoft.Net.Compilers.1.0.0/tools/VBCSCompiler.exe.config
        new file:   Homework7.1/packages/Microsoft.Net.Compilers.1.0.0/tools/csc.exe
        new file:   Homework7.1/packages/Microsoft.Net.Compilers.1.0.0/tools/vbc.exe
        new file:   Homework7.1/packages/Microsoft.Owin.3.0.1/Microsoft.Owin.3.0.1.nupkg
        new file:   Homework7.1/packages/Microsoft.Owin.3.0.1/lib/net45/Microsoft.Owin.XML
        new file:   Homework7.1/packages/Microsoft.Owin.3.0.1/lib/net45/Microsoft.Owin.dll
        new file:   Homework7.1/packages/Microsoft.Owin.Host.SystemWeb.3.0.1/Microsoft.Owin.Host.SystemWeb.3.0.1.nupkg
        new file:   Homework7.1/packages/Microsoft.Owin.Host.SystemWeb.3.0.1/lib/net45/Microsoft.Owin.Host.SystemWeb.dll
        new file:   Homework7.1/packages/Microsoft.Owin.Host.SystemWeb.3.0.1/lib/net45/Microsoft.Owin.Host.SystemWeb.xml
        new file:   Homework7.1/packages/Microsoft.Owin.Security.3.0.1/Microsoft.Owin.Security.3.0.1.nupkg
        new file:   Homework7.1/packages/Microsoft.Owin.Security.3.0.1/lib/net45/Microsoft.Owin.Security.XML
        new file:   Homework7.1/packages/Microsoft.Owin.Security.3.0.1/lib/net45/Microsoft.Owin.Security.dll
        new file:   Homework7.1/packages/Microsoft.Owin.Security.Cookies.3.0.1/Microsoft.Owin.Security.Cookies.3.0.1.nupkg
        new file:   Homework7.1/packages/Microsoft.Owin.Security.Cookies.3.0.1/lib/net45/Microsoft.Owin.Security.Cookies.dll
        new file:   Homework7.1/packages/Microsoft.Owin.Security.Cookies.3.0.1/lib/net45/Microsoft.Owin.Security.Cookies.xml
        new file:   Homework7.1/packages/Microsoft.Owin.Security.Facebook.3.0.1/Microsoft.Owin.Security.Facebook.3.0.1.nupkg
        new file:   Homework7.1/packages/Microsoft.Owin.Security.Facebook.3.0.1/lib/net45/Microsoft.Owin.Security.Facebook.XML
        new file:   Homework7.1/packages/Microsoft.Owin.Security.Facebook.3.0.1/lib/net45/Microsoft.Owin.Security.Facebook.dll
        new file:   Homework7.1/packages/Microsoft.Owin.Security.Google.3.0.1/Microsoft.Owin.Security.Google.3.0.1.nupkg
        new file:   Homework7.1/packages/Microsoft.Owin.Security.Google.3.0.1/lib/net45/Microsoft.Owin.Security.Google.XML
        new file:   Homework7.1/packages/Microsoft.Owin.Security.Google.3.0.1/lib/net45/Microsoft.Owin.Security.Google.dll
        new file:   Homework7.1/packages/Microsoft.Owin.Security.MicrosoftAccount.3.0.1/Microsoft.Owin.Security.MicrosoftAccount.3.0.1.nupkg
        new file:   Homework7.1/packages/Microsoft.Owin.Security.MicrosoftAccount.3.0.1/lib/net45/Microsoft.Owin.Security.MicrosoftAccount.XML
        new file:   Homework7.1/packages/Microsoft.Owin.Security.MicrosoftAccount.3.0.1/lib/net45/Microsoft.Owin.Security.MicrosoftAccount.dll
        new file:   Homework7.1/packages/Microsoft.Owin.Security.OAuth.3.0.1/Microsoft.Owin.Security.OAuth.3.0.1.nupkg
        new file:   Homework7.1/packages/Microsoft.Owin.Security.OAuth.3.0.1/lib/net45/Microsoft.Owin.Security.OAuth.XML
        new file:   Homework7.1/packages/Microsoft.Owin.Security.OAuth.3.0.1/lib/net45/Microsoft.Owin.Security.OAuth.dll
        new file:   Homework7.1/packages/Microsoft.Owin.Security.Twitter.3.0.1/Microsoft.Owin.Security.Twitter.3.0.1.nupkg
        new file:   Homework7.1/packages/Microsoft.Owin.Security.Twitter.3.0.1/lib/net45/Microsoft.Owin.Security.Twitter.XML
        new file:   Homework7.1/packages/Microsoft.Owin.Security.Twitter.3.0.1/lib/net45/Microsoft.Owin.Security.Twitter.dll
        new file:   Homework7.1/packages/Microsoft.Web.Infrastructure.1.0.0.0/Microsoft.Web.Infrastructure.1.0.0.0.nupkg
        new file:   Homework7.1/packages/Microsoft.Web.Infrastructure.1.0.0.0/lib/net40/Microsoft.Web.Infrastructure.dll
        new file:   Homework7.1/packages/Microsoft.jQuery.Unobtrusive.Validation.3.2.3/Content/Scripts/jquery.validate.unobtrusive.js
        new file:   Homework7.1/packages/Microsoft.jQuery.Unobtrusive.Validation.3.2.3/Content/Scripts/jquery.validate.unobtrusive.min.js
        new file:   Homework7.1/packages/Microsoft.jQuery.Unobtrusive.Validation.3.2.3/Microsoft.jQuery.Unobtrusive.Validation.3.2.3.nupkg
        new file:   Homework7.1/packages/Modernizr.2.6.2/Content/Scripts/modernizr-2.6.2.js
        new file:   Homework7.1/packages/Modernizr.2.6.2/Modernizr.2.6.2.nupkg
        new file:   Homework7.1/packages/Modernizr.2.6.2/Tools/common.ps1
        new file:   Homework7.1/packages/Modernizr.2.6.2/Tools/install.ps1
        new file:   Homework7.1/packages/Modernizr.2.6.2/Tools/uninstall.ps1
        new file:   Homework7.1/packages/Newtonsoft.Json.6.0.4/Newtonsoft.Json.6.0.4.nupkg
        new file:   Homework7.1/packages/Newtonsoft.Json.6.0.4/lib/net20/Newtonsoft.Json.dll
        new file:   Homework7.1/packages/Newtonsoft.Json.6.0.4/lib/net20/Newtonsoft.Json.xml
        new file:   Homework7.1/packages/Newtonsoft.Json.6.0.4/lib/net35/Newtonsoft.Json.dll
        new file:   Homework7.1/packages/Newtonsoft.Json.6.0.4/lib/net35/Newtonsoft.Json.xml
        new file:   Homework7.1/packages/Newtonsoft.Json.6.0.4/lib/net40/Newtonsoft.Json.dll
        new file:   Homework7.1/packages/Newtonsoft.Json.6.0.4/lib/net40/Newtonsoft.Json.xml
        new file:   Homework7.1/packages/Newtonsoft.Json.6.0.4/lib/net45/Newtonsoft.Json.dll
        new file:   Homework7.1/packages/Newtonsoft.Json.6.0.4/lib/net45/Newtonsoft.Json.xml
        new file:   Homework7.1/packages/Newtonsoft.Json.6.0.4/lib/netcore45/Newtonsoft.Json.dll
        new file:   Homework7.1/packages/Newtonsoft.Json.6.0.4/lib/netcore45/Newtonsoft.Json.xml
        new file:   Homework7.1/packages/Newtonsoft.Json.6.0.4/lib/portable-net40%2Bsl5%2Bwp80%2Bwin8%2Bwpa81/Newtonsoft.Json.dll
        new file:   Homework7.1/packages/Newtonsoft.Json.6.0.4/lib/portable-net40%2Bsl5%2Bwp80%2Bwin8%2Bwpa81/Newtonsoft.Json.xml
        new file:   Homework7.1/packages/Newtonsoft.Json.6.0.4/lib/portable-net45%2Bwp80%2Bwin8%2Bwpa81/Newtonsoft.Json.dll
        new file:   Homework7.1/packages/Newtonsoft.Json.6.0.4/lib/portable-net45%2Bwp80%2Bwin8%2Bwpa81/Newtonsoft.Json.xml
        new file:   Homework7.1/packages/Newtonsoft.Json.6.0.4/tools/install.ps1
        new file:   Homework7.1/packages/Owin.1.0/Owin.1.0.nupkg
        new file:   Homework7.1/packages/Owin.1.0/lib/net40/Owin.dll
        new file:   Homework7.1/packages/Respond.1.2.0/Respond.1.2.0.nupkg
        new file:   Homework7.1/packages/Respond.1.2.0/content/Scripts/respond.js
        new file:   Homework7.1/packages/Respond.1.2.0/content/Scripts/respond.min.js
        new file:   Homework7.1/packages/WebGrease.1.5.2/WebGrease.1.5.2.nupkg
        new file:   Homework7.1/packages/WebGrease.1.5.2/lib/WebGrease.dll
        new file:   Homework7.1/packages/WebGrease.1.5.2/tools/WG.exe
        new file:   Homework7.1/packages/bootstrap.3.0.0/bootstrap.3.0.0.nupkg
        new file:   Homework7.1/packages/bootstrap.3.0.0/content/Content/bootstrap.css
        new file:   Homework7.1/packages/bootstrap.3.0.0/content/Content/bootstrap.min.css
        new file:   Homework7.1/packages/bootstrap.3.0.0/content/Scripts/bootstrap.js
        new file:   Homework7.1/packages/bootstrap.3.0.0/content/Scripts/bootstrap.min.js
        new file:   Homework7.1/packages/bootstrap.3.0.0/content/fonts/glyphicons-halflings-regular.eot
        new file:   Homework7.1/packages/bootstrap.3.0.0/content/fonts/glyphicons-halflings-regular.svg
        new file:   Homework7.1/packages/bootstrap.3.0.0/content/fonts/glyphicons-halflings-regular.ttf
        new file:   Homework7.1/packages/bootstrap.3.0.0/content/fonts/glyphicons-halflings-regular.woff
        new file:   Homework7.1/packages/jQuery.1.10.2/Content/Scripts/jquery-1.10.2-vsdoc.js
        new file:   Homework7.1/packages/jQuery.1.10.2/Content/Scripts/jquery-1.10.2.js
        new file:   Homework7.1/packages/jQuery.1.10.2/Content/Scripts/jquery-1.10.2.min.js
        new file:   Homework7.1/packages/jQuery.1.10.2/Content/Scripts/jquery-1.10.2.min.map
        new file:   Homework7.1/packages/jQuery.1.10.2/Tools/common.ps1
        new file:   Homework7.1/packages/jQuery.1.10.2/Tools/install.ps1
        new file:   Homework7.1/packages/jQuery.1.10.2/Tools/jquery-1.10.2.intellisense.js
        new file:   Homework7.1/packages/jQuery.1.10.2/Tools/uninstall.ps1
        new file:   Homework7.1/packages/jQuery.1.10.2/jQuery.1.10.2.nupkg
        new file:   Homework7.1/packages/jQuery.Validation.1.11.1/Content/Scripts/jquery.validate-vsdoc.js
        new file:   Homework7.1/packages/jQuery.Validation.1.11.1/Content/Scripts/jquery.validate.js
        new file:   Homework7.1/packages/jQuery.Validation.1.11.1/Content/Scripts/jquery.validate.min.js
        new file:   Homework7.1/packages/jQuery.Validation.1.11.1/jQuery.Validation.1.11.1.nupkg


C:\Users\ME Thekwane\Desktop\INF\Homework7Submit>git commit -m "first commit"
[master (root-commit) eac2df1] first commit
 308 files changed, 360711 insertions(+)
 create mode 100644 Homework7.1/.vs/Homework7.1/v14/.suo
 create mode 100644 Homework7.1/.vs/config/applicationhost.config
 create mode 100644 Homework7.1/Homework7.1.sln
 create mode 100644 Homework7.1/Homework7.1/App_Start/BundleConfig.cs
 create mode 100644 Homework7.1/Homework7.1/App_Start/FilterConfig.cs
 create mode 100644 Homework7.1/Homework7.1/App_Start/IdentityConfig.cs
 create mode 100644 Homework7.1/Homework7.1/App_Start/RouteConfig.cs
 create mode 100644 Homework7.1/Homework7.1/App_Start/Startup.Auth.cs
 create mode 100644 Homework7.1/Homework7.1/Content/Site.css
 create mode 100644 Homework7.1/Homework7.1/Content/StyleSheet1.css
 create mode 100644 Homework7.1/Homework7.1/Content/bootstrap.css
 create mode 100644 Homework7.1/Homework7.1/Content/bootstrap.min.css
 create mode 100644 Homework7.1/Homework7.1/Controllers/ManageController.cs
 create mode 100644 Homework7.1/Homework7.1/Controllers/ShopController.cs
 create mode 100644 Homework7.1/Homework7.1/Global.asax
 create mode 100644 Homework7.1/Homework7.1/Global.asax.cs
 create mode 100644 Homework7.1/Homework7.1/Homework7.1.csproj
 create mode 100644 Homework7.1/Homework7.1/Homework7.1.csproj.user
 create mode 100644 Homework7.1/Homework7.1/Models/AccountViewModels.cs
 create mode 100644 Homework7.1/Homework7.1/Models/IdentityModels.cs
 create mode 100644 Homework7.1/Homework7.1/Models/ManageViewModels.cs
 create mode 100644 Homework7.1/Homework7.1/Project_Readme.html
 create mode 100644 Homework7.1/Homework7.1/Properties/AssemblyInfo.cs
 create mode 100644 Homework7.1/Homework7.1/Scripts/_references.js
 create mode 100644 Homework7.1/Homework7.1/Scripts/bootstrap.js
 create mode 100644 Homework7.1/Homework7.1/Scripts/bootstrap.min.js
 create mode 100644 Homework7.1/Homework7.1/Scripts/jquery-1.10.2.intellisense.js
 create mode 100644 Homework7.1/Homework7.1/Scripts/jquery-1.10.2.js
 create mode 100644 Homework7.1/Homework7.1/Scripts/jquery-1.10.2.min.js
 create mode 100644 Homework7.1/Homework7.1/Scripts/jquery-1.10.2.min.map
 create mode 100644 Homework7.1/Homework7.1/Scripts/jquery.validate-vsdoc.js
 create mode 100644 Homework7.1/Homework7.1/Scripts/jquery.validate.js
 create mode 100644 Homework7.1/Homework7.1/Scripts/jquery.validate.min.js
 create mode 100644 Homework7.1/Homework7.1/Scripts/jquery.validate.unobtrusive.js
 create mode 100644 Homework7.1/Homework7.1/Scripts/jquery.validate.unobtrusive.min.js
 create mode 100644 Homework7.1/Homework7.1/Scripts/modernizr-2.6.2.js
 create mode 100644 Homework7.1/Homework7.1/Scripts/respond.js
 create mode 100644 Homework7.1/Homework7.1/Scripts/respond.min.js
 create mode 100644 Homework7.1/Homework7.1/ShopItem.Context.cs
 create mode 100644 Homework7.1/Homework7.1/ShopItem.Context.tt
 create mode 100644 Homework7.1/Homework7.1/ShopItem.Designer.cs
 create mode 100644 Homework7.1/Homework7.1/ShopItem.cs
 create mode 100644 Homework7.1/Homework7.1/ShopItem.edmx
 create mode 100644 Homework7.1/Homework7.1/ShopItem.edmx.diagram
 create mode 100644 Homework7.1/Homework7.1/ShopItem.tt
 create mode 100644 Homework7.1/Homework7.1/ShopItem1.cs
 create mode 100644 Homework7.1/Homework7.1/Startup.cs
 create mode 100644 Homework7.1/Homework7.1/ViewModels/ShopItemModel.cs
 create mode 100644 Homework7.1/Homework7.1/Views/Shared/Error.cshtml
 create mode 100644 Homework7.1/Homework7.1/Views/Shared/Lockout.cshtml
 create mode 100644 Homework7.1/Homework7.1/Views/Shared/_Layout.cshtml
 create mode 100644 Homework7.1/Homework7.1/Views/Shared/_LoginPartial.cshtml
 create mode 100644 Homework7.1/Homework7.1/Views/Shop/AddItem.cshtml
 create mode 100644 Homework7.1/Homework7.1/Views/Shop/Index.cshtml
 create mode 100644 Homework7.1/Homework7.1/Views/Shop/Part2.cshtml
 create mode 100644 Homework7.1/Homework7.1/Views/Shop/Part_2.cshtml
 create mode 100644 Homework7.1/Homework7.1/Views/Shop/SortByName.cshtml
 create mode 100644 Homework7.1/Homework7.1/Views/Web.config
 create mode 100644 Homework7.1/Homework7.1/Views/_ViewStart.cshtml
 create mode 100644 Homework7.1/Homework7.1/Web.Debug.config
 create mode 100644 Homework7.1/Homework7.1/Web.Release.config
 create mode 100644 Homework7.1/Homework7.1/Web.config
 create mode 100644 Homework7.1/Homework7.1/bin/Antlr3.Runtime.dll
 create mode 100644 Homework7.1/Homework7.1/bin/Antlr3.Runtime.pdb
 create mode 100644 Homework7.1/Homework7.1/bin/EntityFramework.SqlServer.dll
 create mode 100644 Homework7.1/Homework7.1/bin/EntityFramework.SqlServer.xml
 create mode 100644 Homework7.1/Homework7.1/bin/EntityFramework.dll
 create mode 100644 Homework7.1/Homework7.1/bin/EntityFramework.xml
 create mode 100644 Homework7.1/Homework7.1/bin/Homework7.1.dll
 create mode 100644 Homework7.1/Homework7.1/bin/Homework7.1.dll.config
 create mode 100644 Homework7.1/Homework7.1/bin/Homework7.1.pdb
 create mode 100644 Homework7.1/Homework7.1/bin/Microsoft.AspNet.Identity.Core.dll
 create mode 100644 Homework7.1/Homework7.1/bin/Microsoft.AspNet.Identity.Core.xml
 create mode 100644 Homework7.1/Homework7.1/bin/Microsoft.AspNet.Identity.EntityFramework.dll
 create mode 100644 Homework7.1/Homework7.1/bin/Microsoft.AspNet.Identity.EntityFramework.xml
 create mode 100644 Homework7.1/Homework7.1/bin/Microsoft.AspNet.Identity.Owin.dll
 create mode 100644 Homework7.1/Homework7.1/bin/Microsoft.AspNet.Identity.Owin.xml
 create mode 100644 Homework7.1/Homework7.1/bin/Microsoft.CodeDom.Providers.DotNetCompilerPlatform.dll
 create mode 100644 Homework7.1/Homework7.1/bin/Microsoft.CodeDom.Providers.DotNetCompilerPlatform.xml
 create mode 100644 Homework7.1/Homework7.1/bin/Microsoft.Owin.Host.SystemWeb.dll
 create mode 100644 Homework7.1/Homework7.1/bin/Microsoft.Owin.Host.SystemWeb.xml
 create mode 100644 Homework7.1/Homework7.1/bin/Microsoft.Owin.Security.Cookies.dll
 create mode 100644 Homework7.1/Homework7.1/bin/Microsoft.Owin.Security.Cookies.xml
 create mode 100644 Homework7.1/Homework7.1/bin/Microsoft.Owin.Security.Facebook.dll
 create mode 100644 Homework7.1/Homework7.1/bin/Microsoft.Owin.Security.Facebook.xml
 create mode 100644 Homework7.1/Homework7.1/bin/Microsoft.Owin.Security.Google.dll
 create mode 100644 Homework7.1/Homework7.1/bin/Microsoft.Owin.Security.Google.xml
 create mode 100644 Homework7.1/Homework7.1/bin/Microsoft.Owin.Security.MicrosoftAccount.dll
 create mode 100644 Homework7.1/Homework7.1/bin/Microsoft.Owin.Security.MicrosoftAccount.xml
 create mode 100644 Homework7.1/Homework7.1/bin/Microsoft.Owin.Security.OAuth.dll
 create mode 100644 Homework7.1/Homework7.1/bin/Microsoft.Owin.Security.OAuth.xml
 create mode 100644 Homework7.1/Homework7.1/bin/Microsoft.Owin.Security.Twitter.dll
 create mode 100644 Homework7.1/Homework7.1/bin/Microsoft.Owin.Security.Twitter.xml
 create mode 100644 Homework7.1/Homework7.1/bin/Microsoft.Owin.Security.dll
 create mode 100644 Homework7.1/Homework7.1/bin/Microsoft.Owin.Security.xml
 create mode 100644 Homework7.1/Homework7.1/bin/Microsoft.Owin.dll
 create mode 100644 Homework7.1/Homework7.1/bin/Microsoft.Owin.xml
 create mode 100644 Homework7.1/Homework7.1/bin/Microsoft.Web.Infrastructure.dll
 create mode 100644 Homework7.1/Homework7.1/bin/Newtonsoft.Json.dll
 create mode 100644 Homework7.1/Homework7.1/bin/Newtonsoft.Json.xml
 create mode 100644 Homework7.1/Homework7.1/bin/Owin.dll
 create mode 100644 Homework7.1/Homework7.1/bin/System.Web.Helpers.dll
 create mode 100644 Homework7.1/Homework7.1/bin/System.Web.Helpers.xml
 create mode 100644 Homework7.1/Homework7.1/bin/System.Web.Mvc.dll
 create mode 100644 Homework7.1/Homework7.1/bin/System.Web.Mvc.xml
 create mode 100644 Homework7.1/Homework7.1/bin/System.Web.Optimization.dll
 create mode 100644 Homework7.1/Homework7.1/bin/System.Web.Optimization.xml
 create mode 100644 Homework7.1/Homework7.1/bin/System.Web.Razor.dll
 create mode 100644 Homework7.1/Homework7.1/bin/System.Web.Razor.xml
 create mode 100644 Homework7.1/Homework7.1/bin/System.Web.WebPages.Deployment.dll
 create mode 100644 Homework7.1/Homework7.1/bin/System.Web.WebPages.Deployment.xml
 create mode 100644 Homework7.1/Homework7.1/bin/System.Web.WebPages.Razor.dll
 create mode 100644 Homework7.1/Homework7.1/bin/System.Web.WebPages.Razor.xml
 create mode 100644 Homework7.1/Homework7.1/bin/System.Web.WebPages.dll
 create mode 100644 Homework7.1/Homework7.1/bin/System.Web.WebPages.xml
 create mode 100644 Homework7.1/Homework7.1/bin/WebGrease.dll
 create mode 100644 Homework7.1/Homework7.1/bin/roslyn/Microsoft.Build.Tasks.CodeAnalysis.dll
 create mode 100644 Homework7.1/Homework7.1/bin/roslyn/Microsoft.CSharp.Core.targets
 create mode 100644 Homework7.1/Homework7.1/bin/roslyn/Microsoft.CodeAnalysis.CSharp.dll
 create mode 100644 Homework7.1/Homework7.1/bin/roslyn/Microsoft.CodeAnalysis.VisualBasic.dll
 create mode 100644 Homework7.1/Homework7.1/bin/roslyn/Microsoft.CodeAnalysis.dll
 create mode 100644 Homework7.1/Homework7.1/bin/roslyn/Microsoft.VisualBasic.Core.targets
 create mode 100644 Homework7.1/Homework7.1/bin/roslyn/System.Collections.Immutable.dll
 create mode 100644 Homework7.1/Homework7.1/bin/roslyn/System.Reflection.Metadata.dll
 create mode 100644 Homework7.1/Homework7.1/bin/roslyn/VBCSCompiler.exe
 create mode 100644 Homework7.1/Homework7.1/bin/roslyn/VBCSCompiler.exe.config
 create mode 100644 Homework7.1/Homework7.1/bin/roslyn/csc.exe
 create mode 100644 Homework7.1/Homework7.1/bin/roslyn/vbc.exe
 create mode 100644 Homework7.1/Homework7.1/favicon.ico
 create mode 100644 Homework7.1/Homework7.1/fonts/glyphicons-halflings-regular.eot
 create mode 100644 Homework7.1/Homework7.1/fonts/glyphicons-halflings-regular.svg
 create mode 100644 Homework7.1/Homework7.1/fonts/glyphicons-halflings-regular.ttf
 create mode 100644 Homework7.1/Homework7.1/fonts/glyphicons-halflings-regular.woff
 create mode 100644 Homework7.1/Homework7.1/obj/Debug/DesignTimeResolveAssemblyReferencesInput.cache
 create mode 100644 Homework7.1/Homework7.1/obj/Debug/Homework7.1.csproj.FileListAbsolute.txt
 create mode 100644 Homework7.1/Homework7.1/obj/Debug/Homework7.1.csprojResolveAssemblyReference.cache
 create mode 100644 Homework7.1/Homework7.1/obj/Debug/Homework7.1.dll
 create mode 100644 Homework7.1/Homework7.1/obj/Debug/Homework7.1.pdb
 create mode 100644 Homework7.1/Homework7.1/obj/Debug/TempPE/ShopItem.Designer.cs.dll
 create mode 100644 Homework7.1/Homework7.1/obj/Debug/TempPE/ShopItem1.Context.cs.dll
 create mode 100644 Homework7.1/Homework7.1/obj/Debug/TempPE/ShopItem1.Designer.cs.dll
 create mode 100644 Homework7.1/Homework7.1/obj/Debug/TempPE/ShopItem1.cs.dll
 create mode 100644 Homework7.1/Homework7.1/obj/Debug/TemporaryGeneratedFile_036C0B5B-1481-4323-8D20-8F5ADCB23D92.cs
 create mode 100644 Homework7.1/Homework7.1/obj/Debug/TemporaryGeneratedFile_5937a670-0e60-4077-877b-f7221da3dda1.cs
 create mode 100644 Homework7.1/Homework7.1/obj/Debug/TemporaryGeneratedFile_E7A71F73-0F8D-4B9B-B56E-8E70B10BC5D3.cs
 create mode 100644 Homework7.1/Homework7.1/obj/Debug/edmxResourcesToEmbed/ShopItem.csdl
 create mode 100644 Homework7.1/Homework7.1/obj/Debug/edmxResourcesToEmbed/ShopItem.msl
 create mode 100644 Homework7.1/Homework7.1/obj/Debug/edmxResourcesToEmbed/ShopItem.ssdl
 create mode 100644 Homework7.1/Homework7.1/packages.config
 create mode 100644 Homework7.1/packages/Antlr.3.4.1.9004/Antlr.3.4.1.9004.nupkg
 create mode 100644 Homework7.1/packages/Antlr.3.4.1.9004/lib/Antlr3.Runtime.dll
 create mode 100644 Homework7.1/packages/Antlr.3.4.1.9004/lib/Antlr3.Runtime.pdb
 create mode 100644 Homework7.1/packages/EntityFramework.6.1.3/EntityFramework.6.1.3.nupkg
 create mode 100644 Homework7.1/packages/EntityFramework.6.1.3/content/App.config.transform
 create mode 100644 Homework7.1/packages/EntityFramework.6.1.3/content/Web.config.transform
 create mode 100644 Homework7.1/packages/EntityFramework.6.1.3/lib/net40/EntityFramework.SqlServer.dll
 create mode 100644 Homework7.1/packages/EntityFramework.6.1.3/lib/net40/EntityFramework.SqlServer.xml
 create mode 100644 Homework7.1/packages/EntityFramework.6.1.3/lib/net40/EntityFramework.dll
 create mode 100644 Homework7.1/packages/EntityFramework.6.1.3/lib/net40/EntityFramework.xml
 create mode 100644 Homework7.1/packages/EntityFramework.6.1.3/lib/net45/EntityFramework.SqlServer.dll
 create mode 100644 Homework7.1/packages/EntityFramework.6.1.3/lib/net45/EntityFramework.SqlServer.xml
 create mode 100644 Homework7.1/packages/EntityFramework.6.1.3/lib/net45/EntityFramework.dll
 create mode 100644 Homework7.1/packages/EntityFramework.6.1.3/lib/net45/EntityFramework.xml
 create mode 100644 Homework7.1/packages/EntityFramework.6.1.3/tools/EntityFramework.PowerShell.Utility.dll
 create mode 100644 Homework7.1/packages/EntityFramework.6.1.3/tools/EntityFramework.PowerShell.dll
 create mode 100644 Homework7.1/packages/EntityFramework.6.1.3/tools/EntityFramework.psd1
 create mode 100644 Homework7.1/packages/EntityFramework.6.1.3/tools/EntityFramework.psm1
 create mode 100644 Homework7.1/packages/EntityFramework.6.1.3/tools/about_EntityFramework.help.txt
 create mode 100644 Homework7.1/packages/EntityFramework.6.1.3/tools/init.ps1
 create mode 100644 Homework7.1/packages/EntityFramework.6.1.3/tools/install.ps1
 create mode 100644 Homework7.1/packages/EntityFramework.6.1.3/tools/migrate.exe
 create mode 100644 Homework7.1/packages/Microsoft.AspNet.Identity.Core.2.2.1/Microsoft.AspNet.Identity.Core.2.2.1.nupkg
 create mode 100644 Homework7.1/packages/Microsoft.AspNet.Identity.Core.2.2.1/lib/net45/Microsoft.AspNet.Identity.Core.dll
 create mode 100644 Homework7.1/packages/Microsoft.AspNet.Identity.Core.2.2.1/lib/net45/Microsoft.AspNet.Identity.Core.xml
 create mode 100644 Homework7.1/packages/Microsoft.AspNet.Identity.EntityFramework.2.2.1/Microsoft.AspNet.Identity.EntityFramework.2.2.1.nupkg
 create mode 100644 Homework7.1/packages/Microsoft.AspNet.Identity.EntityFramework.2.2.1/lib/net45/Microsoft.AspNet.Identity.EntityFramework.dll
 create mode 100644 Homework7.1/packages/Microsoft.AspNet.Identity.EntityFramework.2.2.1/lib/net45/Microsoft.AspNet.Identity.EntityFramework.xml
 create mode 100644 Homework7.1/packages/Microsoft.AspNet.Identity.Owin.2.2.1/Microsoft.AspNet.Identity.Owin.2.2.1.nupkg
 create mode 100644 Homework7.1/packages/Microsoft.AspNet.Identity.Owin.2.2.1/lib/net45/Microsoft.AspNet.Identity.Owin.dll
 create mode 100644 Homework7.1/packages/Microsoft.AspNet.Identity.Owin.2.2.1/lib/net45/Microsoft.AspNet.Identity.Owin.xml
 create mode 100644 Homework7.1/packages/Microsoft.AspNet.Mvc.5.2.3/Content/Web.config.install.xdt
 create mode 100644 Homework7.1/packages/Microsoft.AspNet.Mvc.5.2.3/Content/Web.config.uninstall.xdt
 create mode 100644 Homework7.1/packages/Microsoft.AspNet.Mvc.5.2.3/Microsoft.AspNet.Mvc.5.2.3.nupkg
 create mode 100644 Homework7.1/packages/Microsoft.AspNet.Mvc.5.2.3/lib/net45/System.Web.Mvc.dll
 create mode 100644 Homework7.1/packages/Microsoft.AspNet.Mvc.5.2.3/lib/net45/System.Web.Mvc.xml
 create mode 100644 Homework7.1/packages/Microsoft.AspNet.Razor.3.2.3/Microsoft.AspNet.Razor.3.2.3.nupkg
 create mode 100644 Homework7.1/packages/Microsoft.AspNet.Razor.3.2.3/lib/net45/System.Web.Razor.dll
 create mode 100644 Homework7.1/packages/Microsoft.AspNet.Razor.3.2.3/lib/net45/System.Web.Razor.xml
 create mode 100644 Homework7.1/packages/Microsoft.AspNet.Web.Optimization.1.1.3/Microsoft.AspNet.Web.Optimization.1.1.3.nupkg
 create mode 100644 Homework7.1/packages/Microsoft.AspNet.Web.Optimization.1.1.3/lib/net40/System.Web.Optimization.dll
 create mode 100644 Homework7.1/packages/Microsoft.AspNet.Web.Optimization.1.1.3/lib/net40/system.web.optimization.xml
 create mode 100644 Homework7.1/packages/Microsoft.AspNet.WebPages.3.2.3/Content/Web.config.install.xdt
 create mode 100644 Homework7.1/packages/Microsoft.AspNet.WebPages.3.2.3/Content/Web.config.uninstall.xdt
 create mode 100644 Homework7.1/packages/Microsoft.AspNet.WebPages.3.2.3/Microsoft.AspNet.WebPages.3.2.3.nupkg
 create mode 100644 Homework7.1/packages/Microsoft.AspNet.WebPages.3.2.3/lib/net45/System.Web.Helpers.dll
 create mode 100644 Homework7.1/packages/Microsoft.AspNet.WebPages.3.2.3/lib/net45/System.Web.Helpers.xml
 create mode 100644 Homework7.1/packages/Microsoft.AspNet.WebPages.3.2.3/lib/net45/System.Web.WebPages.Deployment.dll
 create mode 100644 Homework7.1/packages/Microsoft.AspNet.WebPages.3.2.3/lib/net45/System.Web.WebPages.Deployment.xml
 create mode 100644 Homework7.1/packages/Microsoft.AspNet.WebPages.3.2.3/lib/net45/System.Web.WebPages.Razor.dll
 create mode 100644 Homework7.1/packages/Microsoft.AspNet.WebPages.3.2.3/lib/net45/System.Web.WebPages.Razor.xml
 create mode 100644 Homework7.1/packages/Microsoft.AspNet.WebPages.3.2.3/lib/net45/System.Web.WebPages.dll
 create mode 100644 Homework7.1/packages/Microsoft.AspNet.WebPages.3.2.3/lib/net45/System.Web.WebPages.xml
 create mode 100644 Homework7.1/packages/Microsoft.CodeDom.Providers.DotNetCompilerPlatform.1.0.0/Microsoft.CodeDom.Providers.DotNetCompilerPlatform.1.0.0.nupkg
 create mode 100644 Homework7.1/packages/Microsoft.CodeDom.Providers.DotNetCompilerPlatform.1.0.0/build/Microsoft.CodeDom.Providers.DotNetCompilerPlatform.props
 create mode 100644 Homework7.1/packages/Microsoft.CodeDom.Providers.DotNetCompilerPlatform.1.0.0/content/web.config.install.xdt
 create mode 100644 Homework7.1/packages/Microsoft.CodeDom.Providers.DotNetCompilerPlatform.1.0.0/content/web.config.uninstall.xdt
 create mode 100644 Homework7.1/packages/Microsoft.CodeDom.Providers.DotNetCompilerPlatform.1.0.0/lib/net45/Microsoft.CodeDom.Providers.DotNetCompilerPlatform.dll
 create mode 100644 Homework7.1/packages/Microsoft.CodeDom.Providers.DotNetCompilerPlatform.1.0.0/lib/net45/Microsoft.CodeDom.Providers.DotNetCompilerPlatform.xml
 create mode 100644 Homework7.1/packages/Microsoft.CodeDom.Providers.DotNetCompilerPlatform.1.0.0/tools/init.ps1
 create mode 100644 Homework7.1/packages/Microsoft.CodeDom.Providers.DotNetCompilerPlatform.1.0.0/tools/uninstall.ps1
 create mode 100644 Homework7.1/packages/Microsoft.Net.Compilers.1.0.0/Microsoft.Net.Compilers.1.0.0.nupkg
 create mode 100644 Homework7.1/packages/Microsoft.Net.Compilers.1.0.0/ThirdPartyNotices.rtf
 create mode 100644 Homework7.1/packages/Microsoft.Net.Compilers.1.0.0/build/Microsoft.Net.Compilers.props
 create mode 100644 Homework7.1/packages/Microsoft.Net.Compilers.1.0.0/tools/Microsoft.Build.Tasks.CodeAnalysis.dll
 create mode 100644 Homework7.1/packages/Microsoft.Net.Compilers.1.0.0/tools/Microsoft.CSharp.Core.targets
 create mode 100644 Homework7.1/packages/Microsoft.Net.Compilers.1.0.0/tools/Microsoft.CodeAnalysis.CSharp.dll
 create mode 100644 Homework7.1/packages/Microsoft.Net.Compilers.1.0.0/tools/Microsoft.CodeAnalysis.VisualBasic.dll
 create mode 100644 Homework7.1/packages/Microsoft.Net.Compilers.1.0.0/tools/Microsoft.CodeAnalysis.dll
 create mode 100644 Homework7.1/packages/Microsoft.Net.Compilers.1.0.0/tools/Microsoft.VisualBasic.Core.targets
 create mode 100644 Homework7.1/packages/Microsoft.Net.Compilers.1.0.0/tools/System.Collections.Immutable.dll
 create mode 100644 Homework7.1/packages/Microsoft.Net.Compilers.1.0.0/tools/System.Reflection.Metadata.dll
 create mode 100644 Homework7.1/packages/Microsoft.Net.Compilers.1.0.0/tools/VBCSCompiler.exe
 create mode 100644 Homework7.1/packages/Microsoft.Net.Compilers.1.0.0/tools/VBCSCompiler.exe.config
 create mode 100644 Homework7.1/packages/Microsoft.Net.Compilers.1.0.0/tools/csc.exe
 create mode 100644 Homework7.1/packages/Microsoft.Net.Compilers.1.0.0/tools/vbc.exe
 create mode 100644 Homework7.1/packages/Microsoft.Owin.3.0.1/Microsoft.Owin.3.0.1.nupkg
 create mode 100644 Homework7.1/packages/Microsoft.Owin.3.0.1/lib/net45/Microsoft.Owin.XML
 create mode 100644 Homework7.1/packages/Microsoft.Owin.3.0.1/lib/net45/Microsoft.Owin.dll
 create mode 100644 Homework7.1/packages/Microsoft.Owin.Host.SystemWeb.3.0.1/Microsoft.Owin.Host.SystemWeb.3.0.1.nupkg
 create mode 100644 Homework7.1/packages/Microsoft.Owin.Host.SystemWeb.3.0.1/lib/net45/Microsoft.Owin.Host.SystemWeb.dll
 create mode 100644 Homework7.1/packages/Microsoft.Owin.Host.SystemWeb.3.0.1/lib/net45/Microsoft.Owin.Host.SystemWeb.xml
 create mode 100644 Homework7.1/packages/Microsoft.Owin.Security.3.0.1/Microsoft.Owin.Security.3.0.1.nupkg
 create mode 100644 Homework7.1/packages/Microsoft.Owin.Security.3.0.1/lib/net45/Microsoft.Owin.Security.XML
 create mode 100644 Homework7.1/packages/Microsoft.Owin.Security.3.0.1/lib/net45/Microsoft.Owin.Security.dll
 create mode 100644 Homework7.1/packages/Microsoft.Owin.Security.Cookies.3.0.1/Microsoft.Owin.Security.Cookies.3.0.1.nupkg
 create mode 100644 Homework7.1/packages/Microsoft.Owin.Security.Cookies.3.0.1/lib/net45/Microsoft.Owin.Security.Cookies.dll
 create mode 100644 Homework7.1/packages/Microsoft.Owin.Security.Cookies.3.0.1/lib/net45/Microsoft.Owin.Security.Cookies.xml
 create mode 100644 Homework7.1/packages/Microsoft.Owin.Security.Facebook.3.0.1/Microsoft.Owin.Security.Facebook.3.0.1.nupkg
 create mode 100644 Homework7.1/packages/Microsoft.Owin.Security.Facebook.3.0.1/lib/net45/Microsoft.Owin.Security.Facebook.XML
 create mode 100644 Homework7.1/packages/Microsoft.Owin.Security.Facebook.3.0.1/lib/net45/Microsoft.Owin.Security.Facebook.dll
 create mode 100644 Homework7.1/packages/Microsoft.Owin.Security.Google.3.0.1/Microsoft.Owin.Security.Google.3.0.1.nupkg
 create mode 100644 Homework7.1/packages/Microsoft.Owin.Security.Google.3.0.1/lib/net45/Microsoft.Owin.Security.Google.XML
 create mode 100644 Homework7.1/packages/Microsoft.Owin.Security.Google.3.0.1/lib/net45/Microsoft.Owin.Security.Google.dll
 create mode 100644 Homework7.1/packages/Microsoft.Owin.Security.MicrosoftAccount.3.0.1/Microsoft.Owin.Security.MicrosoftAccount.3.0.1.nupkg
 create mode 100644 Homework7.1/packages/Microsoft.Owin.Security.MicrosoftAccount.3.0.1/lib/net45/Microsoft.Owin.Security.MicrosoftAccount.XML
 create mode 100644 Homework7.1/packages/Microsoft.Owin.Security.MicrosoftAccount.3.0.1/lib/net45/Microsoft.Owin.Security.MicrosoftAccount.dll
 create mode 100644 Homework7.1/packages/Microsoft.Owin.Security.OAuth.3.0.1/Microsoft.Owin.Security.OAuth.3.0.1.nupkg
 create mode 100644 Homework7.1/packages/Microsoft.Owin.Security.OAuth.3.0.1/lib/net45/Microsoft.Owin.Security.OAuth.XML
 create mode 100644 Homework7.1/packages/Microsoft.Owin.Security.OAuth.3.0.1/lib/net45/Microsoft.Owin.Security.OAuth.dll
 create mode 100644 Homework7.1/packages/Microsoft.Owin.Security.Twitter.3.0.1/Microsoft.Owin.Security.Twitter.3.0.1.nupkg
 create mode 100644 Homework7.1/packages/Microsoft.Owin.Security.Twitter.3.0.1/lib/net45/Microsoft.Owin.Security.Twitter.XML
 create mode 100644 Homework7.1/packages/Microsoft.Owin.Security.Twitter.3.0.1/lib/net45/Microsoft.Owin.Security.Twitter.dll
 create mode 100644 Homework7.1/packages/Microsoft.Web.Infrastructure.1.0.0.0/Microsoft.Web.Infrastructure.1.0.0.0.nupkg
 create mode 100644 Homework7.1/packages/Microsoft.Web.Infrastructure.1.0.0.0/lib/net40/Microsoft.Web.Infrastructure.dll
 create mode 100644 Homework7.1/packages/Microsoft.jQuery.Unobtrusive.Validation.3.2.3/Content/Scripts/jquery.validate.unobtrusive.js
 create mode 100644 Homework7.1/packages/Microsoft.jQuery.Unobtrusive.Validation.3.2.3/Content/Scripts/jquery.validate.unobtrusive.min.js
 create mode 100644 Homework7.1/packages/Microsoft.jQuery.Unobtrusive.Validation.3.2.3/Microsoft.jQuery.Unobtrusive.Validation.3.2.3.nupkg
 create mode 100644 Homework7.1/packages/Modernizr.2.6.2/Content/Scripts/modernizr-2.6.2.js
 create mode 100644 Homework7.1/packages/Modernizr.2.6.2/Modernizr.2.6.2.nupkg
 create mode 100644 Homework7.1/packages/Modernizr.2.6.2/Tools/common.ps1
 create mode 100644 Homework7.1/packages/Modernizr.2.6.2/Tools/install.ps1
 create mode 100644 Homework7.1/packages/Modernizr.2.6.2/Tools/uninstall.ps1
 create mode 100644 Homework7.1/packages/Newtonsoft.Json.6.0.4/Newtonsoft.Json.6.0.4.nupkg
 create mode 100644 Homework7.1/packages/Newtonsoft.Json.6.0.4/lib/net20/Newtonsoft.Json.dll
 create mode 100644 Homework7.1/packages/Newtonsoft.Json.6.0.4/lib/net20/Newtonsoft.Json.xml
 create mode 100644 Homework7.1/packages/Newtonsoft.Json.6.0.4/lib/net35/Newtonsoft.Json.dll
 create mode 100644 Homework7.1/packages/Newtonsoft.Json.6.0.4/lib/net35/Newtonsoft.Json.xml
 create mode 100644 Homework7.1/packages/Newtonsoft.Json.6.0.4/lib/net40/Newtonsoft.Json.dll
 create mode 100644 Homework7.1/packages/Newtonsoft.Json.6.0.4/lib/net40/Newtonsoft.Json.xml
 create mode 100644 Homework7.1/packages/Newtonsoft.Json.6.0.4/lib/net45/Newtonsoft.Json.dll
 create mode 100644 Homework7.1/packages/Newtonsoft.Json.6.0.4/lib/net45/Newtonsoft.Json.xml
 create mode 100644 Homework7.1/packages/Newtonsoft.Json.6.0.4/lib/netcore45/Newtonsoft.Json.dll
 create mode 100644 Homework7.1/packages/Newtonsoft.Json.6.0.4/lib/netcore45/Newtonsoft.Json.xml
 create mode 100644 Homework7.1/packages/Newtonsoft.Json.6.0.4/lib/portable-net40%2Bsl5%2Bwp80%2Bwin8%2Bwpa81/Newtonsoft.Json.dll
 create mode 100644 Homework7.1/packages/Newtonsoft.Json.6.0.4/lib/portable-net40%2Bsl5%2Bwp80%2Bwin8%2Bwpa81/Newtonsoft.Json.xml
 create mode 100644 Homework7.1/packages/Newtonsoft.Json.6.0.4/lib/portable-net45%2Bwp80%2Bwin8%2Bwpa81/Newtonsoft.Json.dll
 create mode 100644 Homework7.1/packages/Newtonsoft.Json.6.0.4/lib/portable-net45%2Bwp80%2Bwin8%2Bwpa81/Newtonsoft.Json.xml
 create mode 100644 Homework7.1/packages/Newtonsoft.Json.6.0.4/tools/install.ps1
 create mode 100644 Homework7.1/packages/Owin.1.0/Owin.1.0.nupkg
 create mode 100644 Homework7.1/packages/Owin.1.0/lib/net40/Owin.dll
 create mode 100644 Homework7.1/packages/Respond.1.2.0/Respond.1.2.0.nupkg
 create mode 100644 Homework7.1/packages/Respond.1.2.0/content/Scripts/respond.js
 create mode 100644 Homework7.1/packages/Respond.1.2.0/content/Scripts/respond.min.js
 create mode 100644 Homework7.1/packages/WebGrease.1.5.2/WebGrease.1.5.2.nupkg
 create mode 100644 Homework7.1/packages/WebGrease.1.5.2/lib/WebGrease.dll
 create mode 100644 Homework7.1/packages/WebGrease.1.5.2/tools/WG.exe
 create mode 100644 Homework7.1/packages/bootstrap.3.0.0/bootstrap.3.0.0.nupkg
 create mode 100644 Homework7.1/packages/bootstrap.3.0.0/content/Content/bootstrap.css
 create mode 100644 Homework7.1/packages/bootstrap.3.0.0/content/Content/bootstrap.min.css
 create mode 100644 Homework7.1/packages/bootstrap.3.0.0/content/Scripts/bootstrap.js
 create mode 100644 Homework7.1/packages/bootstrap.3.0.0/content/Scripts/bootstrap.min.js
 create mode 100644 Homework7.1/packages/bootstrap.3.0.0/content/fonts/glyphicons-halflings-regular.eot
 create mode 100644 Homework7.1/packages/bootstrap.3.0.0/content/fonts/glyphicons-halflings-regular.svg
 create mode 100644 Homework7.1/packages/bootstrap.3.0.0/content/fonts/glyphicons-halflings-regular.ttf
 create mode 100644 Homework7.1/packages/bootstrap.3.0.0/content/fonts/glyphicons-halflings-regular.woff
 create mode 100644 Homework7.1/packages/jQuery.1.10.2/Content/Scripts/jquery-1.10.2-vsdoc.js
 create mode 100644 Homework7.1/packages/jQuery.1.10.2/Content/Scripts/jquery-1.10.2.js
 create mode 100644 Homework7.1/packages/jQuery.1.10.2/Content/Scripts/jquery-1.10.2.min.js
 create mode 100644 Homework7.1/packages/jQuery.1.10.2/Content/Scripts/jquery-1.10.2.min.map
 create mode 100644 Homework7.1/packages/jQuery.1.10.2/Tools/common.ps1
 create mode 100644 Homework7.1/packages/jQuery.1.10.2/Tools/install.ps1
 create mode 100644 Homework7.1/packages/jQuery.1.10.2/Tools/jquery-1.10.2.intellisense.js
 create mode 100644 Homework7.1/packages/jQuery.1.10.2/Tools/uninstall.ps1
 create mode 100644 Homework7.1/packages/jQuery.1.10.2/jQuery.1.10.2.nupkg
 create mode 100644 Homework7.1/packages/jQuery.Validation.1.11.1/Content/Scripts/jquery.validate-vsdoc.js
 create mode 100644 Homework7.1/packages/jQuery.Validation.1.11.1/Content/Scripts/jquery.validate.js
 create mode 100644 Homework7.1/packages/jQuery.Validation.1.11.1/Content/Scripts/jquery.validate.min.js
 create mode 100644 Homework7.1/packages/jQuery.Validation.1.11.1/jQuery.Validation.1.11.1.nupkg

C:\Users\ME Thekwane\Desktop\INF\Homework7Submit>git push -u origin master
fatal: TaskCanceledException encountered.
   A task was canceled.
Username for 'https://github.com': Excellent300
Password for 'https://Excellent300@github.com':
fatal: unable to access 'https://github.com/Exo/Homework7.git/': Could not resolve host: github.com

C:\Users\ME Thekwane\Desktop\INF\Homework7Submit>git push -u origin master
fatal: unable to access 'https://github.com/Exo/Homework7.git/': Could not resolve host: github.com

C:\Users\ME Thekwane\Desktop\INF\Homework7Submit>git remote add origin https://github.com/Excellent300/Homework7.git
fatal: remote origin already exists.

C:\Users\ME Thekwane\Desktop\INF\Homework7Submit>git push -u origin master
fatal: unable to access 'https://github.com/Exo/Homework7.git/': Could not resolve host: github.com

C:\Users\ME Thekwane\Desktop\INF\Homework7Submit>git remote rm origin

C:\Users\ME Thekwane\Desktop\INF\Homework7Submit>git remote add origin https://github.com/Excellent300/Homework7.git

C:\Users\ME Thekwane\Desktop\INF\Homework7Submit>git push -u origin master
fatal: TaskCanceledException encountered.
   A task was canceled.
Username for 'https://github.com': Excellent300
Password for 'https://Excellent300@github.com':
Counting objects: 351, done.
Delta compression using up to 4 threads.
Compressing objects: 100% (315/315), done.
Writing objects: 100% (351/351), 23.08 MiB | 19.00 KiB/s, done.
Total 351 (delta 38), reused 0 (delta 0)
remote: Resolving deltas: 100% (38/38), done.
To https://github.com/Excellent300/Homework7.git
 * [new branch]      master -> master
Branch 'master' set up to track remote branch 'master' from 'origin'.

C:\Users\ME Thekwane\Desktop\INF\Homework7Submit>